// Jest Snapshot v1, https://goo.gl/fbAQLP

exports[`<GameInfo /> should render the title, description and price 1`] = ` `;
