// Jest Snapshot v1, https://goo.gl/fbAQLP

exports[`<Banner /> should render the heading 1`] = ` `;
